C251 COMPILER V5.60.0,  bluetooth                                                          06/05/25  18:53:48  PAGE 1   


C251 COMPILER V5.60.0, COMPILATION OF MODULE bluetooth
OBJECT MODULE PLACED IN .\out_file\bluetooth.obj
COMPILER INVOKED BY: D:\C251\C251\BIN\C251.EXE ..\user\bluetooth.c LARGE NOALIAS FLOAT64 WARNINGLEVEL(3) OPTIMIZE(2,SIZE
                    -) BROWSE INCDIR(..\..\libraries\zf_common;..\..\libraries\zf_components;..\..\libraries\zf_device;..\..\libraries\zf_dri
                    -ver;..\user;..\code) DEBUG PRINT(.\out_file\bluetooth.lst) TABS(2) OBJECT(.\out_file\bluetooth.obj) 

stmt  level    source

    1          #include "bluetooth.h"
    2          #define buffer_size 64
    3          #define command_size 2*sizeof(char)
    4          
    5          uint8 data_buffer[buffer_size];
    6          uint8 data_len;
    7          
    8          
    9          void blue_tooth_read_loop(void)
   10          {
   11   1          data_len = ble6a20_read_buffer(data_buffer, buffer_size);                            // ²é¿´ÊÇ·ñÓÐÏûÏ
             -¢ Ä¬ÈÏ»º³åÇøÊÇBLE6A20_BUFFER_SIZE ×Ü¹² 64 ×Ö½Ú
   12   1          if(data_len != 0)                                                           // ÊÕµ½ÁËÏûÏ¢ ¶ÁÈ¡º¯Êý»á·
             -µ»ØÊµ¼Ê¶ÁÈ¡µ½µÄÊý¾Ý¸öÊý
   13   1          {
   14   2              ble6a20_send_buffer(data_buffer, data_len);                             // ½«ÊÕµ½µÄÏûÏ¢·¢ËÍ»ØÈ¥
   15   2              ble6a20_send_string("\r\n");
   16   2              memset(data_buffer, 0, buffer_size);
   17   2              func_uint_to_str((char *)data_buffer, data_len);
   18   2              ble6a20_send_string("data len:");                                       // ÏÔÊ¾Êµ¼ÊÊÕµ½µÄÊý¾ÝÐÅÏ¢
   19   2              ble6a20_send_buffer(data_buffer, strlen((const char *)data_buffer));    // ÏÔÊ¾ÊÕµ½µÄÊý¾Ý¸öÊý
   20   2              ble6a20_send_string(".\r\n");
   21   2          }
   22   1      }
   23          
   24          void blue_tooth_read(char* buffer)//¶ÁÈ¡Êý¾Ý
   25          {
   26   1          if(ble6a20_read_buffer(data_buffer, buffer_size))                          // ²é¿´ÊÇ·ñÓÐÏûÏ¢ Ä¬ÈÏ»º³å
             -ÇøÊÇBLE6A20_BUFFER_SIZE ×Ü¹² 64 ×Ö½Ú
   27   1          {
   28   2            ble6a20_send_string("Recived: ");
   29   2            ble6a20_send_byte(data_buffer[0]);
   30   2            ble6a20_send_string("\r\n");
   31   2            memcpy(buffer, data_buffer, command_size);
   32   2          }
   33   1      }


Module Information          Static   Overlayable
------------------------------------------------
  code size            =       227     ------
  ecode size           =    ------     ------
  data size            =    ------     ------
  idata size           =    ------     ------
  pdata size           =    ------     ------
  xdata size           =        69     ------
  xdata-const size     =    ------     ------
  edata size           =    ------     ------
  bit size             =    ------     ------
  ebit size            =    ------     ------
  bitaddressable size  =    ------     ------
  ebitaddressable size =    ------     ------
  far data size        =    ------     ------
  huge data size       =    ------     ------
  const size           =    ------     ------
  hconst size          =        27     ------
End of Module Information.


C251 COMPILATION COMPLETE.  0 WARNING(S),  0 ERROR(S)
