C251 COMPILER V5.60.0,  gps                                                                09/05/25  17:38:46  PAGE 1   


C251 COMPILER V5.60.0, COMPILATION OF MODULE gps
OBJECT MODULE PLACED IN .\out_file\gps.obj
COMPILER INVOKED BY: D:\C251\C251\BIN\C251.EXE ..\user\gps.c LARGE NOALIAS FLOAT64 WARNINGLEVEL(3) OPTIMIZE(2,SIZE) BROW
                    -SE INCDIR(..\..\libraries\zf_common;..\..\libraries\zf_components;..\..\libraries\zf_device;..\..\libraries\zf_driver;..
                    -\user;..\code) DEBUG PRINT(.\out_file\gps.lst) TABS(2) OBJECT(.\out_file\gps.obj) 

stmt  level    source

    1          #include "gps.h"
    2          
    3          bit gps_date_ready=0;//gps数据是否解析完成
    4          
    5          double target_point[2] = {0};//目标点的经、纬度
    6          
    7          double target_distance = 0; //当前点到目标点的距离
    8          
    9          double gps_point_error[2]={0};//两次上电后的GPS点相对误差
   10          
   11          uint8* pObject = NULL; //指向当前科目目标点数组的指针
   12          uint8 cur_point_num = 0; //当前装载点的序号
   13          uint8 cur_object_num = 0; //当前科目点的数目
   14          /*
   15          
   16          科目1 使用四个点
   17          
   18          数组保存：点在EEPROM内的偏移地址
   19          
   20          使用方法： ReadPoint(Object_xxx_index[y]); 
   21          
   22          即可获取第 y + 1 个点的经、纬度
   23          
   24          */
   25          const uint8 Object_one_num = 4; // 科目一的点数
   26          uint8 Object_one_index[4] = {0 , 1 , 2 , 3}; // FLASH中的索引
   27          
   28          
   29          //将当前点写入eeprom
   30          void WritePoint(uint8 offset)
   31          {
   32   1        W25Q_PageProgram_32(offset , (uint8 *)&gps_tau1201.latitude, point_size);
   33   1      }
   34          
   35          //从flash读取上一次目标点
   36          void LoadPoint()
   37          {
   38   1        uint16 offset;
   39   1        
   40   1        if(cur_point_num == cur_object_num) return;//到达最后一个点，不再装载，准备更换科目
   41   1        
   42   1        offset = pObject[cur_point_num];
   43   1        
   44   1        W25Q_FastRead_6B(offset * point_size, (uint8 *)target_point, point_size);
   45   1        
   46   1        cur_point_num ++ ;
   47   1        
   48   1        //修正
   49   1        target_point[0] += gps_point_error[0];
   50   1        target_point[1] += gps_point_error[1];
   51   1      }


Module Information          Static   Overlayable
------------------------------------------------
  code size            =       234     ------
  ecode size           =    ------     ------
  data size            =    ------     ------
C251 COMPILER V5.60.0,  gps                                                                09/05/25  17:38:46  PAGE 2   

  idata size           =    ------     ------
  pdata size           =    ------     ------
  xdata size           =        53     ------
  xdata-const size     =    ------     ------
  edata size           =    ------     ------
  bit size             =         1     ------
  ebit size            =    ------     ------
  bitaddressable size  =    ------     ------
  ebitaddressable size =    ------     ------
  far data size        =    ------     ------
  huge data size       =    ------     ------
  const size           =    ------     ------
  hconst size          =        86     ------
End of Module Information.


C251 COMPILATION COMPLETE.  0 WARNING(S),  0 ERROR(S)
