C251 COMPILER V5.60.0,  imu                                                                19/04/25  01:09:45  PAGE 1   


C251 COMPILER V5.60.0, COMPILATION OF MODULE imu
OBJECT MODULE PLACED IN .\out_file\imu.obj
COMPILER INVOKED BY: D:\C251\C251\BIN\C251.EXE ..\user\imu.c LARGE NOALIAS FLOAT64 WARNINGLEVEL(3) OPTIMIZE(3,SIZE) BROW
                    -SE INCDIR(..\..\libraries\zf_common;..\..\libraries\zf_components;..\..\libraries\zf_device;..\..\libraries\zf_driver;..
                    -\user;..\code) DEBUG PRINT(.\out_file\imu.lst) TABS(2) OBJECT(.\out_file\imu.obj) 

stmt  level    source

    1          #include "imu.h"
    2          
    3          float imu_acc[3],imu_gyro[3];//acc gyro 真实物理值
    4          // 初始角度
    5          float roll = 0.0f;
    6          float pitch = 0.0f;
    7          float yaw = 0.0f;


Module Information          Static   Overlayable
------------------------------------------------
  code size            =    ------     ------
  ecode size           =    ------     ------
  data size            =    ------     ------
  idata size           =    ------     ------
  pdata size           =    ------     ------
  xdata size           =        36     ------
  xdata-const size     =    ------     ------
  edata size           =    ------     ------
  bit size             =    ------     ------
  ebit size            =    ------     ------
  bitaddressable size  =    ------     ------
  ebitaddressable size =    ------     ------
  far data size        =    ------     ------
  huge data size       =    ------     ------
  const size           =    ------     ------
  hconst size          =        27     ------
End of Module Information.


C251 COMPILATION COMPLETE.  0 WARNING(S),  0 ERROR(S)
