C251 COMPILER V5.60.0,  init                                                               06/05/25  18:53:48  PAGE 1   


C251 COMPILER V5.60.0, COMPILATION OF MODULE init
OBJECT MODULE PLACED IN .\out_file\init.obj
COMPILER INVOKED BY: D:\C251\C251\BIN\C251.EXE ..\user\init.c LARGE NOALIAS FLOAT64 WARNINGLEVEL(3) OPTIMIZE(2,SIZE) BRO
                    -WSE INCDIR(..\..\libraries\zf_common;..\..\libraries\zf_components;..\..\libraries\zf_device;..\..\libraries\zf_driver;.
                    -.\user;..\code) DEBUG PRINT(.\out_file\init.lst) TABS(2) OBJECT(.\out_file\init.obj) 

stmt  level    source

    1          #include "init.h"
    2          
    3          void init()
    4          {
    5   1          clock_init(SYSTEM_CLOCK_40M); // 务必保留
    6   1          debug_init(); // 务必保留
    7   1        
    8   1          //E2PROM初始化
    9   1          QSPI_Init();
   10   1          W25Q_Enable_QE();
   11   1        
   12   1      #if IPS_USE     
   13   1          //屏幕初始化
   14   1          ips114_init();
   15   1      #endif
   16   1          
   17   1          //GPS初始化
   18   1          gps_init();
   19   1        
   20   1          //蓝牙初始化
   21   1          while(ble6a20_init());
   22   1      
   23   1          //IMU初始化
   24   1          while(imu660ra_init()!=0)
   25   1          {
   26   2      #if IPS_USE      
   27   2              ips114_show_string(0, 16*1, "IMU660RA init error.");// IMU660RA 初始化失败
   28   2      #else
                       ble6a20_send_string("IMU660RA init error.\r\n"); 
               #endif
   31   2          }
   32   1      
   33   1      #if IPS_USE     
   34   1          ips114_clear(RGB565_WHITE);//清屏   
   35   1          IPS114_Show_Unit();//显示单位
   36   1      #endif
   37   1          
   38   1      
   39   1              
   40   1          //pid初始化
   41   1          My_Pid_Init();
   42   1          
   43   1          //中断初始化
   44   1          my_pit_init();
   45   1          
   46   1          //pwm初始化
   47   1          my_pwm_init();
   48   1          
   49   1          //状态机更新
   50   1          StateUpdate(Event_Finish);
   51   1      }


Module Information          Static   Overlayable
------------------------------------------------
  code size            =        86     ------
  ecode size           =    ------     ------
  data size            =    ------     ------
C251 COMPILER V5.60.0,  init                                                               06/05/25  18:53:48  PAGE 2   

  idata size           =    ------     ------
  pdata size           =    ------     ------
  xdata size           =    ------     ------
  xdata-const size     =    ------     ------
  edata size           =    ------     ------
  bit size             =    ------     ------
  ebit size            =    ------     ------
  bitaddressable size  =    ------     ------
  ebitaddressable size =    ------     ------
  far data size        =    ------     ------
  huge data size       =    ------     ------
  const size           =    ------     ------
  hconst size          =        21     ------
End of Module Information.


C251 COMPILATION COMPLETE.  0 WARNING(S),  0 ERROR(S)
