C251 COMPILER V5.60.0,  init                                                               29/03/25  00:53:11  PAGE 1   


C251 COMPILER V5.60.0, COMPILATION OF MODULE init
OBJECT MODULE PLACED IN .\out_file\init.obj
COMPILER INVOKED BY: D:\C251\C251\BIN\C251.EXE ..\user\init.c LARGE NOALIAS FLOAT64 WARNINGLEVEL(3) OPTIMIZE(2,SIZE) BRO
                    -WSE INCDIR(..\..\libraries\zf_common;..\..\libraries\zf_components;..\..\libraries\zf_device;..\..\libraries\zf_driver;.
                    -.\user;..\code) DEBUG PRINT(.\out_file\init.lst) TABS(2) OBJECT(.\out_file\init.obj) 

stmt  level    source

    1          #include "init.h"
    2          
    3          void init()
    4          {
    5   1          clock_init(SYSTEM_CLOCK_40M); // 务必保留
    6   1          debug_init(); // 务必保留
    7   1        
    8   1      #if IPS_USE     
                   //屏幕初始化
                   ips114_init();
               #endif
   12   1          
   13   1          //GPS初始化
   14   1          gps_init();
   15   1        
   16   1          //蓝牙初始化
   17   1          while(ble6a20_init());
   18   1      
   19   1          //IMU初始化
   20   1          while(imu660ra_init()!=0)
   21   1          {
   22   2      #if IPS_USE      
                       ips114_show_string(0, 16*1, "IMU660RA init error.");// IMU660RA 初始化失败
               #else
   25   2              ble6a20_send_string("IMU660RA init error.\r\n"); 
   26   2      #endif
   27   2          }
   28   1      
   29   1      #if IPS_USE     
                   ips114_clear(RGB565_WHITE);//清屏   
                   IPS114_Show_Unit();//显示单位
               #endif
   33   1          
   34   1          //中断初始化
   35   1          my_pit_init();
   36   1          
   37   1          //pwm初始化
   38   1          my_pwm_init();
   39   1      }


Module Information          Static   Overlayable
------------------------------------------------
  code size            =        47     ------
  ecode size           =    ------     ------
  data size            =    ------     ------
  idata size           =    ------     ------
  pdata size           =    ------     ------
  xdata size           =    ------     ------
  xdata-const size     =    ------     ------
  edata size           =    ------     ------
  bit size             =    ------     ------
  ebit size            =    ------     ------
  bitaddressable size  =    ------     ------
  ebitaddressable size =    ------     ------
  far data size        =    ------     ------
  huge data size       =    ------     ------
  const size           =    ------     ------
C251 COMPILER V5.60.0,  init                                                               29/03/25  00:53:11  PAGE 2   

  hconst size          =        23     ------
End of Module Information.


C251 COMPILATION COMPLETE.  0 WARNING(S),  0 ERROR(S)
