C251 COMPILER V5.60.0,  main                                                               02/05/25  11:30:38  PAGE 1   


C251 COMPILER V5.60.0, COMPILATION OF MODULE main
OBJECT MODULE PLACED IN .\out_file\main.obj
COMPILER INVOKED BY: C:\Keil_v5\C251\BIN\C251.EXE ..\user\main.c LARGE NOALIAS FLOAT64 WARNINGLEVEL(3) OPTIMIZE(2,SIZE) 
                    -BROWSE INCDIR(..\..\libraries\zf_common;..\..\libraries\zf_components;..\..\libraries\zf_device;..\..\libraries\zf_drive
                    -r;..\user;..\code) DEBUG PRINT(.\out_file\main.lst) TABS(2) OBJECT(.\out_file\main.obj) 

stmt  level    source

    1          /********************************************************************************************************
             -*************
    2          * AI8051U Opensourec Library 即（AI8051U 开源库）是一个基于官方 SDK 接口的第三方开源库
    3          * Copyright (c) 2022 SEEKFREE 逐飞科技
    4          *
    5          * 本文件是STC 开源库的一部分
    6          *
    7          * AI8051U 开源库 是免费软件
    8          * 您可以根据自由软件基金会发布的 GPL（GNU General Public License，即 GNU通用公共许可证）的条款
    9          * 即 GPL 的第3版（即 GPL3.0）或（您选择的）任何后来的版本，重新发布和/或修改它
   10          *
   11          * 本开源库的发布是希望它能发挥作用，但并未对其作任何的保证
   12          * 甚至没有隐含的适销性或适合特定用途的保证
   13          * 更多细节请参见 GPL
   14          *
   15          * 您应该在收到本开源库的同时收到一份 GPL 的副本
   16          * 如果没有，请参阅<https://www.gnu.org/licenses/>
   17          *
   18          * 额外注明：
   19          * 本开源库使用 GPL3.0 开源许可证协议 以上许可申明为译文版本
   20          * 许可申明英文版在 libraries/doc 文件夹下的 GPL3_permission_statement.txt 文件中
   21          * 许可证副本在 libraries 文件夹下 即该文件夹下的 LICENSE 文件
   22          * 欢迎各位使用并传播本程序 但修改内容时必须保留逐飞科技的版权声明（即本声明）
   23          *
   24          * 文件名称          
   25          * 公司名称          成都逐飞科技有限公司
   26          * 版本信息          查看 libraries/doc 文件夹内 version 文件 版本说明
   27          * 开发环境          MDK FOR C251
   28          * 适用平台          AI8051U
   29          * 店铺链接          https://seekfree.taobao.com/
   30          *
   31          * 修改记录
   32          * 日期              作者           备注
   33          * 2024-08-01        大W            first version
   34          *********************************************************************************************************
             -***********/
   35          
   36          
   37          #include "init.h"
   38          
   39          BYTE buf[4096];
   40          BYTE write_buf[4096]={1,1};
   41          
   42          void main()
   43          {
   44   1          // 变量必须先定义 再调用
   45   1          char command[2];//蓝牙控制命令 使用轮询方式获取 但应该改为中断 
   46   1          char str_buffer[100];//蓝牙信息的buffer
   47   1        
   48   1          char write_index = 0; //打点索引，测试用
   49   1          char read_index = 0; //读点索引，测试用
   50   1        
   51   1          pObject = Object_one_index; //科目一开始
   52   1          
   53   1          init();  
   54   1        
   55   1          while(1)
C251 COMPILER V5.60.0,  main                                                               02/05/25  11:30:38  PAGE 2   

   56   1          {
   57   2      #if IPS_USE     
   58   2            IPS114_Show_Info(); //显示必要信息
   59   2      #endif
   60   2            blue_tooth_read(command);
   61   2            /*
   62   2            命令集：（ 计划废弃 s、1~4 使其自动增加到目标值 ）
   63   2            s: 10%占空比启动抬升电机，测试接线
   64   2            
   65   2            1：抬升电机占空比 + 10%
   66   2            2：抬升电机占空比 - 10%
   67   2            3：推进电机占空比 + 10%
   68   2            4：推进电机占空比 - 10%
   69   2            
   70   2            b: 刹车 四个电机占空比值 0%
   71   2            
   72   2            w: 向当前科目的EEPROM区写当前位置的经纬度，写满后不可再写，只有清除后可再次重新写入。何时写满取决与
             -当前科目（未完善）
   73   2            r: 读取当前科目下一点到目标点
   74   2            
   75   2            p: 打印目标点经纬度到蓝牙助手
   76   2            
   77   2            e：擦除EEPROM第一页，写索引值 0 
   78   2            
   79   2            */
   80   2            switch(command[0])
   81   2            {
   82   3              case 's':pwm_set_duty(PWM_1,550);pwm_set_duty(PWM_2,550);break;
   83   3              case '1':duty_up_left+=50;duty_up_right+=50;break;
   84   3              case '2':duty_up_left-=50;duty_up_right-=50;break;
   85   3              case '3':duty_forward_left+=50;duty_forward_right+=50;break;
   86   3              case '4':duty_forward_left-=50;duty_forward_right-=50;break;
   87   3              case 'b':duty_up_left=500;duty_up_right=500;duty_forward_left=500;duty_forward_right=500;
   88   3              sprintf(str_buffer,"Break!\r\n");ble6a20_send_string(str_buffer);break;
   89   3              case 'w':W25Q_PageProgram_32(0, write_buf, 2);//if( write_index < 4 ){WritePoint(pObject[write_in
             -dex]); write_index++;}
   90   3              sprintf(str_buffer,"Write!\r\n");ble6a20_send_string(str_buffer);break;
   91   3              case 'r':W25Q_FastRead_6B(0, buf, 256);//ReadPoint(pObject[read_index]); read_index++; read_index
             - %= 4;
   92   3              sprintf(str_buffer,"Read!\r\n");ble6a20_send_string(str_buffer);break;
   93   3              case 'p':sprintf(str_buffer,"Lat:%lf\r\nLon:%lf\r\n", buf[0], buf[1]);ble6a20_send_string(str_buf
             -fer);break;
   94   3              case 'e':W25Q_Erase4K_20(0, TRUE);//iap_erase_page(0);write_index = 0;//第一页 512k
   95   3              sprintf(str_buffer,"Erease!\r\n");ble6a20_send_string(str_buffer);break;
   96   3              default :;
   97   3            }
   98   2            
   99   2      //      ips114_show_float(0,64,roll,4,4);
  100   2      //      ips114_show_float(80,64,pitch,4,4);
  101   2            //显示已打点数和当前所在点
  102   2            ips114_show_char(160,0,read_index);
  103   2            ips114_show_char(160,20,'/');
  104   2            ips114_show_char(160,0,write_index);
  105   2      
  106   2            ips114_show_float(160,64,yaw,4,4);
  107   2            system_delay_ms(500);
  108   2          }
  109   1      }


Module Information          Static   Overlayable
------------------------------------------------
  code size            =       795     ------
  ecode size           =    ------     ------
  data size            =    ------     ------
  idata size           =    ------     ------
  pdata size           =    ------     ------
C251 COMPILER V5.60.0,  main                                                               02/05/25  11:30:38  PAGE 3   

  xdata size           =      8296     ------
  xdata-const size     =    ------     ------
  edata size           =    ------     ------
  bit size             =    ------     ------
  ebit size            =    ------     ------
  bitaddressable size  =    ------     ------
  ebitaddressable size =    ------     ------
  far data size        =    ------     ------
  huge data size       =    ------     ------
  const size           =    ------     ------
  hconst size          =      4156     ------
End of Module Information.


C251 COMPILATION COMPLETE.  0 WARNING(S),  0 ERROR(S)
