C251 COMPILER V5.60.0,  main                                                               06/05/25  18:54:37  PAGE 1   


C251 COMPILER V5.60.0, COMPILATION OF MODULE main
OBJECT MODULE PLACED IN .\out_file\main.obj
COMPILER INVOKED BY: D:\C251\C251\BIN\C251.EXE ..\user\main.c LARGE NOALIAS FLOAT64 WARNINGLEVEL(3) OPTIMIZE(2,SIZE) BRO
                    -WSE INCDIR(..\..\libraries\zf_common;..\..\libraries\zf_components;..\..\libraries\zf_device;..\..\libraries\zf_driver;.
                    -.\user;..\code) DEBUG PRINT(.\out_file\main.lst) TABS(2) OBJECT(.\out_file\main.obj) 

stmt  level    source

    1          /********************************************************************************************************
             -*************
    2          * AI8051U Opensourec Library 即（AI8051U 开源库）是一个基于官方 SDK 接口的第三方开源库
    3          * Copyright (c) 2022 SEEKFREE 逐飞科技
    4          *
    5          * 本文件是STC 开源库的一部分
    6          *
    7          * AI8051U 开源库 是免费软件
    8          * 您可以根据自由软件基金会发布的 GPL（GNU General Public License，即 GNU通用公共许可证）的条款
    9          * 即 GPL 的第3版（即 GPL3.0）或（您选择的）任何后来的版本，重新发布和/或修改它
   10          *
   11          * 本开源库的发布是希望它能发挥作用，但并未对其作任何的保证
   12          * 甚至没有隐含的适销性或适合特定用途的保证
   13          * 更多细节请参见 GPL
   14          *
   15          * 您应该在收到本开源库的同时收到一份 GPL 的副本
   16          * 如果没有，请参阅<https://www.gnu.org/licenses/>
   17          *
   18          * 额外注明：
   19          * 本开源库使用 GPL3.0 开源许可证协议 以上许可申明为译文版本
   20          * 许可申明英文版在 libraries/doc 文件夹下的 GPL3_permission_statement.txt 文件中
   21          * 许可证副本在 libraries 文件夹下 即该文件夹下的 LICENSE 文件
   22          * 欢迎各位使用并传播本程序 但修改内容时必须保留逐飞科技的版权声明（即本声明）
   23          *
   24          * 文件名称          
   25          * 公司名称          成都逐飞科技有限公司
   26          * 版本信息          查看 libraries/doc 文件夹内 version 文件 版本说明
   27          * 开发环境          MDK FOR C251
   28          * 适用平台          AI8051U
   29          * 店铺链接          https://seekfree.taobao.com/
   30          *
   31          * 修改记录
   32          * 日期              作者           备注
   33          * 2024-08-01        大W            first version
   34          *********************************************************************************************************
             -***********/
   35          #include "init.h"
   36          
   37          void main()
   38          {
   39   1          // 变量必须先定义 再调用
   40   1          char command[2];//蓝牙控制命令 使用轮询方式获取 但应该改为中断 
   41   1          char str_buffer[50];//蓝牙信息的buffer
   42   1        
   43   1          char write_index = 0; //打点索引，测试用
   44   1          char read_index = 1; //0索引设定为起始点读点索引，测试用
   45   1          
   46   1          double distance = 999;
   47   1      
   48   1        
   49   1          pObject = Object_one_index; //科目一开始
   50   1            
   51   1          init();  
   52   1        
   53   1        
   54   1          while(1)
   55   1          {
C251 COMPILER V5.60.0,  main                                                               06/05/25  18:54:37  PAGE 2   

   56   2      #if IPS_USE     
   57   2            IPS114_Show_Info(); //显示必要信息
   58   2      #endif
   59   2            blue_tooth_read(command);
   60   2            /*
   61   2            命令集：（ 计划废弃 1~4 使其自动增加到目标值 ）
   62   2            s: 记录起始点，计算GPS误差，准备初始化yaw角
   63   2            
   64   2            1：抬升电机占空比 + 10%
   65   2            2：抬升电机占空比 - 10%
   66   2            3：推进电机占空比 + 10%
   67   2            4：推进电机占空比 - 10%
   68   2            
   69   2            b: 刹车 四个电机占空比值 0%
   70   2            
   71   2            w: 向当前科目的EEPROM区写当前位置的经纬度，写满后不可再写，只有清除后可再次重新写入。何时写满取决与
             -当前科目（未完善）
   72   2            r: 读取当前科目下一点到目标点 （ 仅作测试用 计划废弃 ）
   73   2            
   74   2            p: 打印目标点经纬度到蓝牙助手
   75   2            
   76   2            e：擦除EEPROM第一页，写索引值 0 
   77   2            
   78   2            */
   79   2            switch(command[0])
   80   2            {
   81   3              case 's':pid_enable = 1;origin_point[0]=gps_tau1201.latitude;origin_point[1]=gps_tau1201.longitud
             -e;
   82   3              ReadPoint(pObject[read_index++]);//将点1数据装载至target
   83   3              gps_point_error[0]=origin_point[0]-target_point[0];
   84   3              gps_point_error[1]=origin_point[1]-target_point[1];
   85   3              sprintf(str_buffer,"Start!\r\nerror:%lf\r\n%lf\r\n",gps_point_error[0],gps_point_error[1]);ble6a20_se
             -nd_string(str_buffer);break;
   86   3              case '1':duty_up_left+=50;duty_up_right+=50;break;
   87   3              case '2':duty_up_left-=50;duty_up_right-=50;break;
   88   3              case '3':duty_forward_left+=50;duty_forward_right+=50;break;
   89   3              case '4':duty_forward_left-=50;duty_forward_right-=50;break;
   90   3              case 'b':duty_up_left=500;duty_up_right=500;duty_forward_left=500;duty_forward_right=500;pid_enab
             -le=0;
   91   3              sprintf(str_buffer,"Break!\r \n");ble6a20_send_string(str_buffer);break;
   92   3              case 'w':if( write_index < 4 ){WritePoint(pObject[write_index++]);}//W25Q_PageProgram_32(0, write
             -_buf, 2);
   93   3              sprintf(str_buffer,"Write P%d!\r\n",write_index);ble6a20_send_string(str_buffer);break;
   94   3              case 'r':ReadPoint(pObject[read_index++]); read_index %= 4==0? 1:read_index %= 4;//W25Q_FastRead_
             -6B(0, buf, 256);//
   95   3              sprintf(str_buffer,"Read P%d!\r\n",read_index);ble6a20_send_string(str_buffer);break;
   96   3              case 'p':sprintf(str_buffer,"Lat:%lf\r\nLon:%lf\r\n", target_point[0], target_point[1]);ble6a20_s
             -end_string(str_buffer);break;
   97   3              case 'e':W25Q_Erase4K_20(0, 1);//iap_erase_page(0);write_index = 0;//第一页 512k
   98   3              sprintf(str_buffer,"Erease!\r\n");ble6a20_send_string(str_buffer);break;
   99   3              default :;
  100   3            }
  101   2            
  102   2            command[0] = 0 ; //清空
  103   2            command[1] = 0 ; 
  104   2            if(pid_enable)
  105   2            {
  106   3              if(!init_yaw_lock)
  107   3              {
  108   4                distance = get_two_points_distance(origin_point[0],origin_point[1],gps_tau1201.latitude,gps_tau1201.
             -longitude);
  109   4                //sprintf(str_buffer,"D:%lf \r\n",distance);ble6a20_send_string(str_buffer);
  110   4                if(distance > 2)
  111   4                {
  112   5                  //锁住初始化
  113   5                  init_yaw_lock = 1;
C251 COMPILER V5.60.0,  main                                                               06/05/25  18:54:37  PAGE 3   

  114   5                  //计算yaw角
  115   5                  yaw = get_two_points_azimuth(origin_point[0],origin_point[1],gps_tau1201.latitude,gps_tau1201.longi
             -tude);
  116   5                  //修正至-180~180
  117   5                  if( 180 <= yaw < 360)
  118   5                    yaw -= 360;
  119   5                  distance = 999;
  120   5                  //修正四元数
  121   5                  EulerToQuaternion();
  122   5                  //提示信息
  123   5                  sprintf(str_buffer,"Init! D:%lf Y:%lf\r\n",distance,yaw);ble6a20_send_string(str_buffer);
  124   5                  //装载下一目标点
  125   5                  ReadPoint(pObject[read_index++]);
  126   5                  sprintf(str_buffer,"Read P%d!\r\n",read_index);ble6a20_send_string(str_buffer);
  127   5                  //不是循环跑，不需要下面的语句
  128   5                  //read_index = (read_index > 4 ) ? 0 : read_index;
  129   5                }
  130   4              }
  131   3              else
  132   3              {
  133   4                
  134   4                distance = get_two_points_distance(gps_tau1201.latitude,gps_tau1201.longitude,target_point[0],target
             -_point[1]);
  135   4      
  136   4                if(distance < 2)
  137   4                {
  138   5                  //到达目标点
  139   5                  sprintf(str_buffer,"Arrival P%d! D:%lf \r\n",read_index,distance);ble6a20_send_string(str_buffer);
  140   5      
  141   5                  //装载下一目标点
  142   5                  ReadPoint(pObject[read_index++]);
  143   5                  sprintf(str_buffer,"Read P%d!\r\n",read_index);ble6a20_send_string(str_buffer);
  144   5                  //跑完三个点刹车
  145   5                  if( read_index == 4 )
  146   5                  {
  147   6                    duty_up_left=500;duty_up_right=500;duty_forward_left=500;duty_forward_right=500;pid_enable=
             -0;
  148   6                  }
  149   5                }
  150   4              }
  151   3            }
  152   2            ips114_show_float(0,64,roll,4,4);
  153   2            ips114_show_float(80,64,pitch,4,4);
  154   2            
  155   2      //      //显示已打点数和当前所在点
  156   2      //      read_index += '1';
  157   2      //      write_index += '0';
  158   2      //      ips114_show_char(0,64,read_index);
  159   2      //      ips114_show_char(20,64,'/');
  160   2      //      ips114_show_char(40,64,write_index);
  161   2      //      read_index -= '1';
  162   2      //      write_index -= '0';
  163   2            
  164   2            ips114_show_float(160,64,yaw,4,4);
  165   2          }
  166   1      }


Module Information          Static   Overlayable
------------------------------------------------
  code size            =      2280     ------
  ecode size           =    ------     ------
  data size            =    ------     ------
  idata size           =    ------     ------
  pdata size           =    ------     ------
  xdata size           =        62     ------
  xdata-const size     =    ------     ------
C251 COMPILER V5.60.0,  main                                                               06/05/25  18:54:37  PAGE 4   

  edata size           =    ------     ------
  bit size             =    ------     ------
  ebit size            =    ------     ------
  bitaddressable size  =    ------     ------
  ebitaddressable size =    ------     ------
  far data size        =    ------     ------
  huge data size       =    ------     ------
  const size           =    ------     ------
  hconst size          =       131     ------
End of Module Information.


C251 COMPILATION COMPLETE.  0 WARNING(S),  0 ERROR(S)
